2025-08-12 20:30:04 Loading main app package /usr/lib/obsidian/obsidian.asar
2025-08-12 20:30:04 Checking for update using Github
2025-08-12 20:30:04 Success.
2025-08-12 20:30:04 Latest version is 1.8.10
2025-08-12 20:30:04 App is up to date.
2025-08-12 21:30:04 Checking for update using Github
2025-08-12 21:30:04 Success.
2025-08-12 21:30:04 Latest version is 1.8.10
2025-08-12 21:30:04 App is up to date.
2025-08-13 08:48:31 Loading main app package /usr/lib/obsidian/obsidian.asar
2025-08-13 08:48:31 Checking for update using Github
2025-08-13 08:48:32 Failed to check for update using Github (net::ERR_INTERNET_DISCONNECTED)
2025-08-13 08:48:32 Checking for update using obsidian.md
2025-08-13 08:48:32 Failed to check for update using obsidian.md (net::ERR_INTERNET_DISCONNECTED)
2025-08-13 09:48:31 Checking for update using Github
2025-08-13 09:48:31 Success.
2025-08-13 09:48:31 Latest version is 1.8.10
2025-08-13 09:48:31 App is up to date.
2025-08-13 13:53:19 Loading main app package /usr/lib/obsidian/obsidian.asar
2025-08-13 13:53:19 Checking for update using Github
2025-08-13 13:53:20 Failed to check for update using Github (net::ERR_INTERNET_DISCONNECTED)
2025-08-13 13:53:20 Checking for update using obsidian.md
2025-08-13 13:53:20 Failed to check for update using obsidian.md (net::ERR_INTERNET_DISCONNECTED)
2025-08-13 14:03:51 Loading main app package /usr/lib/obsidian/obsidian.asar
2025-08-13 14:03:52 Checking for update using Github
2025-08-13 14:03:52 Failed to check for update using Github (net::ERR_NAME_NOT_RESOLVED)
2025-08-13 14:03:52 Checking for update using obsidian.md
2025-08-13 14:03:52 Failed to check for update using obsidian.md (net::ERR_NAME_NOT_RESOLVED)
2025-08-14 10:49:36 Loading main app package /usr/lib/obsidian/obsidian.asar
2025-08-14 10:49:36 Checking for update using Github
2025-08-14 10:49:37 Success.
2025-08-14 10:49:37 Latest version is 1.8.10
2025-08-14 10:49:37 App is up to date.
2025-08-14 16:29:22 Loading main app package /usr/lib/obsidian/obsidian.asar
2025-08-14 16:29:22 Checking for update using Github
2025-08-14 16:29:23 Success.
2025-08-14 16:29:23 Latest version is 1.8.10
2025-08-14 16:29:23 App is up to date.
2025-08-14 17:29:22 Checking for update using Github
2025-08-14 17:29:22 Success.
2025-08-14 17:29:22 Latest version is 1.8.10
2025-08-14 17:29:22 App is up to date.
2025-08-14 18:29:22 Checking for update using Github
2025-08-14 18:29:22 Success.
2025-08-14 18:29:22 Latest version is 1.8.10
2025-08-14 18:29:22 App is up to date.
2025-08-14 19:29:22 Checking for update using Github
2025-08-14 19:29:23 Success.
2025-08-14 19:29:23 Latest version is 1.8.10
2025-08-14 19:29:23 App is up to date.
2025-08-14 20:29:22 Checking for update using Github
2025-08-14 20:29:23 Success.
2025-08-14 20:29:23 Latest version is 1.8.10
2025-08-14 20:29:23 App is up to date.
2025-08-14 21:29:23 Checking for update using Github
2025-08-14 21:29:23 Success.
2025-08-14 21:29:23 Latest version is 1.8.10
2025-08-14 21:29:23 App is up to date.
2025-08-15 08:48:23 Loading main app package /usr/lib/obsidian/obsidian.asar
2025-08-15 08:48:24 Checking for update using Github
2025-08-15 08:48:24 Success.
2025-08-15 08:48:24 Latest version is 1.8.10
2025-08-15 08:48:24 App is up to date.
2025-08-15 09:48:23 Checking for update using Github
2025-08-15 09:48:24 Success.
2025-08-15 09:48:24 Latest version is 1.8.10
2025-08-15 09:48:24 App is up to date.
2025-08-15 10:48:24 Checking for update using Github
2025-08-15 10:48:24 Success.
2025-08-15 10:48:24 Latest version is 1.8.10
2025-08-15 10:48:24 App is up to date.
2025-08-15 11:48:24 Checking for update using Github
2025-08-15 11:48:24 Success.
2025-08-15 11:48:24 Latest version is 1.8.10
2025-08-15 11:48:24 App is up to date.
2025-08-15 12:48:24 Checking for update using Github
2025-08-15 12:48:24 Success.
2025-08-15 12:48:24 Latest version is 1.8.10
2025-08-15 12:48:24 App is up to date.
2025-08-15 13:48:24 Checking for update using Github
2025-08-15 13:48:24 Success.
2025-08-15 13:48:24 Latest version is 1.8.10
2025-08-15 13:48:24 App is up to date.
2025-08-15 14:48:24 Checking for update using Github
2025-08-15 14:48:24 Success.
2025-08-15 14:48:24 Latest version is 1.8.10
2025-08-15 14:48:24 App is up to date.
2025-08-15 15:35:12 Loading main app package /usr/lib/obsidian/obsidian.asar
2025-08-15 15:35:13 Checking for update using Github
2025-08-15 15:35:13 Success.
2025-08-15 15:35:13 Latest version is 1.8.10
2025-08-15 15:35:13 App is up to date.
2025-08-15 16:35:12 Checking for update using Github
2025-08-15 16:35:12 Success.
2025-08-15 16:35:12 Latest version is 1.8.10
2025-08-15 16:35:12 App is up to date.
2025-08-15 17:35:12 Checking for update using Github
2025-08-15 17:35:12 Success.
2025-08-15 17:35:12 Latest version is 1.8.10
2025-08-15 17:35:12 App is up to date.
2025-08-15 18:35:12 Checking for update using Github
2025-08-15 18:35:12 Success.
2025-08-15 18:35:12 Latest version is 1.8.10
2025-08-15 18:35:12 App is up to date.
2025-08-16 09:34:52 Loading main app package /usr/lib/obsidian/obsidian.asar
2025-08-16 09:34:53 Checking for update using Github
2025-08-16 09:34:53 Failed to check for update using Github (net::ERR_INTERNET_DISCONNECTED)
2025-08-16 09:34:53 Checking for update using obsidian.md
2025-08-16 09:34:53 Failed to check for update using obsidian.md (net::ERR_INTERNET_DISCONNECTED)
2025-08-16 10:34:53 Checking for update using Github
2025-08-16 10:34:53 Success.
2025-08-16 10:34:53 Latest version is 1.8.10
2025-08-16 10:34:53 App is up to date.
2025-08-16 11:34:53 Checking for update using Github
2025-08-16 11:34:53 Success.
2025-08-16 11:34:53 Latest version is 1.8.10
2025-08-16 11:34:53 App is up to date.
2025-08-16 12:34:53 Checking for update using Github
2025-08-16 12:34:53 Success.
2025-08-16 12:34:53 Latest version is 1.8.10
2025-08-16 12:34:53 App is up to date.
2025-08-16 13:34:53 Checking for update using Github
2025-08-16 13:34:53 Success.
2025-08-16 13:34:53 Latest version is 1.8.10
2025-08-16 13:34:53 App is up to date.
2025-08-16 14:34:53 Checking for update using Github
2025-08-16 14:34:53 Success.
2025-08-16 14:34:53 Latest version is 1.8.10
2025-08-16 14:34:53 App is up to date.
2025-08-16 15:34:53 Checking for update using Github
2025-08-16 15:34:53 Success.
2025-08-16 15:34:53 Latest version is 1.8.10
2025-08-16 15:34:53 App is up to date.
2025-08-16 16:34:53 Checking for update using Github
2025-08-16 16:34:53 Success.
2025-08-16 16:34:53 Latest version is 1.8.10
2025-08-16 16:34:53 App is up to date.
2025-08-16 17:34:53 Checking for update using Github
2025-08-16 17:34:53 Success.
2025-08-16 17:34:53 Latest version is 1.8.10
2025-08-16 17:34:53 App is up to date.
2025-08-16 18:34:53 Checking for update using Github
2025-08-16 18:34:53 Success.
2025-08-16 18:34:53 Latest version is 1.8.10
2025-08-16 18:34:53 App is up to date.
2025-08-16 19:34:53 Checking for update using Github
2025-08-16 19:34:53 Success.
2025-08-16 19:34:53 Latest version is 1.8.10
2025-08-16 19:34:53 App is up to date.
2025-08-16 20:34:53 Checking for update using Github
2025-08-16 20:34:53 Success.
2025-08-16 20:34:53 Latest version is 1.8.10
2025-08-16 20:34:53 App is up to date.
2025-08-17 16:52:06 Loading main app package /usr/lib/obsidian/obsidian.asar
2025-08-17 16:52:07 Checking for update using Github
2025-08-17 16:52:07 Success.
2025-08-17 16:52:07 Latest version is 1.8.10
2025-08-17 16:52:07 App is up to date.
2025-08-17 14:52:06 Checking for update using Github
2025-08-17 14:52:06 Success.
2025-08-17 14:52:06 Latest version is 1.8.10
2025-08-17 14:52:06 App is up to date.
2025-08-17 15:52:06 Checking for update using Github
2025-08-17 15:52:06 Success.
2025-08-17 15:52:06 Latest version is 1.8.10
2025-08-17 15:52:06 App is up to date.
2025-08-17 20:49:22 Loading main app package /usr/lib/obsidian/obsidian.asar
2025-08-17 20:49:23 Checking for update using Github
2025-08-17 20:49:23 Failed to check for update using Github (net::ERR_NAME_NOT_RESOLVED)
2025-08-17 20:49:23 Checking for update using obsidian.md
2025-08-17 20:49:23 Failed to check for update using obsidian.md (net::ERR_NAME_NOT_RESOLVED)
2025-08-17 21:49:23 Checking for update using Github
2025-08-17 21:49:23 Success.
2025-08-17 21:49:23 Latest version is 1.8.10
2025-08-17 21:49:23 App is up to date.
2025-08-17 22:49:23 Checking for update using Github
2025-08-17 22:49:23 Success.
2025-08-17 22:49:23 Latest version is 1.8.10
2025-08-17 22:49:23 App is up to date.
2025-08-18 08:32:30 Loading main app package /usr/lib/obsidian/obsidian.asar
2025-08-18 08:32:30 Checking for update using Github
2025-08-18 08:32:31 Failed to check for update using Github (net::ERR_INTERNET_DISCONNECTED)
2025-08-18 08:32:31 Checking for update using obsidian.md
2025-08-18 08:32:31 Failed to check for update using obsidian.md (net::ERR_INTERNET_DISCONNECTED)
2025-08-18 09:32:30 Checking for update using Github
2025-08-18 09:32:30 Success.
2025-08-18 09:32:30 Latest version is 1.8.10
2025-08-18 09:32:30 App is up to date.
2025-08-18 10:32:30 Checking for update using Github
2025-08-18 10:32:30 Success.
2025-08-18 10:32:30 Latest version is 1.8.10
2025-08-18 10:32:30 App is up to date.
2025-08-18 11:32:30 Checking for update using Github
2025-08-18 11:32:30 Success.
2025-08-18 11:32:30 Latest version is 1.8.10
2025-08-18 11:32:30 App is up to date.
2025-08-18 12:33:20 Loading main app package /usr/lib/obsidian/obsidian.asar
2025-08-18 12:33:21 Checking for update using Github
2025-08-18 12:33:21 Failed to check for update using Github (net::ERR_INTERNET_DISCONNECTED)
2025-08-18 12:33:21 Checking for update using obsidian.md
2025-08-18 12:33:21 Failed to check for update using obsidian.md (net::ERR_INTERNET_DISCONNECTED)
2025-08-18 13:33:20 Checking for update using Github
2025-08-18 13:33:20 Success.
2025-08-18 13:33:20 Latest version is 1.8.10
2025-08-18 13:33:20 App is up to date.
2025-08-18 14:33:20 Checking for update using Github
2025-08-18 14:33:20 Success.
2025-08-18 14:33:20 Latest version is 1.8.10
2025-08-18 14:33:20 App is up to date.
2025-08-18 15:33:20 Checking for update using Github
2025-08-18 15:33:21 Success.
2025-08-18 15:33:21 Latest version is 1.8.10
2025-08-18 15:33:21 App is up to date.
2025-08-18 16:33:20 Checking for update using Github
2025-08-18 16:33:21 Success.
2025-08-18 16:33:21 Latest version is 1.8.10
2025-08-18 16:33:21 App is up to date.
2025-08-18 17:33:21 Checking for update using Github
2025-08-18 17:33:21 Success.
2025-08-18 17:33:21 Latest version is 1.8.10
2025-08-18 17:33:21 App is up to date.
2025-08-19 09:37:44 Loading main app package /usr/lib/obsidian/obsidian.asar
2025-08-19 09:37:45 Checking for update using Github
2025-08-19 09:37:45 Failed to check for update using Github (net::ERR_INTERNET_DISCONNECTED)
2025-08-19 09:37:45 Checking for update using obsidian.md
2025-08-19 09:37:45 Failed to check for update using obsidian.md (net::ERR_INTERNET_DISCONNECTED)
2025-08-19 12:35:13 Loading main app package /usr/lib/obsidian/obsidian.asar
2025-08-19 12:35:13 Checking for update using Github
2025-08-19 12:35:14 Failed to check for update using Github (net::ERR_INTERNET_DISCONNECTED)
2025-08-19 12:35:14 Checking for update using obsidian.md
2025-08-19 12:35:14 Failed to check for update using obsidian.md (net::ERR_INTERNET_DISCONNECTED)
2025-08-20 09:34:02 Loading main app package /usr/lib/obsidian/obsidian.asar
2025-08-20 09:34:02 Checking for update using Github
2025-08-20 09:34:02 Failed to check for update using Github (net::ERR_INTERNET_DISCONNECTED)
2025-08-20 09:34:02 Checking for update using obsidian.md
2025-08-20 09:34:02 Failed to check for update using obsidian.md (net::ERR_INTERNET_DISCONNECTED)
2025-08-20 10:34:02 Checking for update using Github
2025-08-20 10:34:02 Success.
2025-08-20 10:34:02 Latest version is 1.9.10
2025-08-20 10:34:02 Downloading update from https://github.com/obsidianmd/obsidian-releases/releases/download/v1.9.10/obsidian-1.9.10.asar.gz
2025-08-20 10:34:03 Verifying hash & signature. Size= 9033422
2025-08-20 10:34:03 Saving file
2025-08-20 10:34:04 Update complete.
2025-08-20 11:34:02 Checking for update using Github
2025-08-20 11:34:02 Success.
2025-08-20 11:34:02 Latest version is 1.9.10
2025-08-20 11:34:02 An update is already downloaded.
2025-08-20 12:34:02 Checking for update using Github
2025-08-20 12:34:02 Success.
2025-08-20 12:34:02 Latest version is 1.9.10
2025-08-20 12:34:02 An update is already downloaded.
2025-08-20 13:34:02 Checking for update using Github
2025-08-20 13:34:02 Success.
2025-08-20 13:34:02 Latest version is 1.9.10
2025-08-20 13:34:02 An update is already downloaded.
2025-08-20 15:12:44 Loading updated app package /home/thedocingeast/.config/obsidian/obsidian-1.9.10.asar
2025-08-20 15:12:45 Checking for update using Github
2025-08-20 15:12:45 Failed to check for update using Github (net::ERR_INTERNET_DISCONNECTED)
2025-08-20 15:12:45 Checking for update using obsidian.md
2025-08-20 15:12:45 Failed to check for update using obsidian.md (net::ERR_INTERNET_DISCONNECTED)
2025-08-21 08:50:12 Loading updated app package /home/thedocingeast/.config/obsidian/obsidian-1.9.10.asar
2025-08-21 08:50:13 Checking for update using Github
2025-08-21 08:50:13 Failed to check for update using Github (net::ERR_INTERNET_DISCONNECTED)
2025-08-21 08:50:13 Checking for update using obsidian.md
2025-08-21 08:50:13 Failed to check for update using obsidian.md (net::ERR_INTERNET_DISCONNECTED)
2025-08-21 10:22:26 Loading updated app package /home/thedocingeast/.config/obsidian/obsidian-1.9.10.asar
2025-08-21 10:22:28 Checking for update using Github
2025-08-21 10:22:29 Success.
2025-08-21 10:22:29 Latest version is 1.9.10
2025-08-21 10:22:29 App is up to date.
2025-08-21 15:59:12 Loading updated app package /home/thedocingeast/.config/obsidian/obsidian-1.9.10.asar
2025-08-21 15:59:14 Checking for update using Github
2025-08-21 15:59:14 Failed to check for update using Github (net::ERR_INTERNET_DISCONNECTED)
2025-08-21 15:59:14 Checking for update using obsidian.md
2025-08-21 15:59:14 Failed to check for update using obsidian.md (net::ERR_INTERNET_DISCONNECTED)
2025-08-21 16:59:12 Checking for update using Github
2025-08-21 16:59:12 Success.
2025-08-21 16:59:12 Latest version is 1.9.10
2025-08-21 16:59:12 App is up to date.
2025-08-21 17:55:02 Loading main app package /usr/lib/obsidian/obsidian.asar
2025-08-21 17:55:03 Checking for update using Github
2025-08-21 17:55:09 Success.
2025-08-21 17:55:09 Latest version is 1.9.10
2025-08-21 17:55:09 App is up to date.
2025-08-22 09:49:47 Loading main app package /usr/lib/obsidian/obsidian.asar
2025-08-22 09:49:49 Checking for update using Github
2025-08-22 09:49:49 Failed to check for update using Github (net::ERR_INTERNET_DISCONNECTED)
2025-08-22 09:49:49 Checking for update using obsidian.md
2025-08-22 09:49:49 Failed to check for update using obsidian.md (net::ERR_INTERNET_DISCONNECTED)
2025-08-22 10:39:09 Loading main app package /usr/lib/obsidian/obsidian.asar
2025-08-22 10:39:09 Checking for update using Github
2025-08-22 10:39:09 Success.
2025-08-22 10:39:09 Latest version is 1.9.10
2025-08-22 10:39:09 App is up to date.
2025-08-22 11:39:09 Checking for update using Github
2025-08-22 11:39:09 Success.
2025-08-22 11:39:09 Latest version is 1.9.10
2025-08-22 11:39:09 App is up to date.
2025-08-22 12:39:09 Checking for update using Github
2025-08-22 12:39:09 Success.
2025-08-22 12:39:09 Latest version is 1.9.10
2025-08-22 12:39:09 App is up to date.
2025-08-22 13:39:09 Checking for update using Github
2025-08-22 13:39:09 Success.
2025-08-22 13:39:09 Latest version is 1.9.10
2025-08-22 13:39:09 App is up to date.
2025-08-22 14:39:09 Checking for update using Github
2025-08-22 14:39:09 Success.
2025-08-22 14:39:09 Latest version is 1.9.10
2025-08-22 14:39:09 App is up to date.
2025-08-22 15:39:09 Checking for update using Github
2025-08-22 15:39:09 Success.
2025-08-22 15:39:09 Latest version is 1.9.10
2025-08-22 15:39:09 App is up to date.
2025-08-22 16:39:09 Checking for update using Github
2025-08-22 16:39:09 Success.
2025-08-22 16:39:09 Latest version is 1.9.10
2025-08-22 16:39:09 App is up to date.
2025-08-22 17:39:09 Checking for update using Github
2025-08-22 17:39:09 Success.
2025-08-22 17:39:09 Latest version is 1.9.10
2025-08-22 17:39:09 App is up to date.
2025-08-22 18:39:09 Checking for update using Github
2025-08-22 18:39:09 Success.
2025-08-22 18:39:09 Latest version is 1.9.10
2025-08-22 18:39:09 App is up to date.
2025-08-22 19:39:09 Checking for update using Github
2025-08-22 19:39:09 Success.
2025-08-22 19:39:09 Latest version is 1.9.10
2025-08-22 19:39:09 App is up to date.
2025-08-22 20:39:09 Checking for update using Github
2025-08-22 20:39:10 Success.
2025-08-22 20:39:10 Latest version is 1.9.10
2025-08-22 20:39:10 App is up to date.
2025-08-22 21:39:09 Checking for update using Github
2025-08-22 21:39:10 Success.
2025-08-22 21:39:10 Latest version is 1.9.10
2025-08-22 21:39:10 App is up to date.
2025-08-22 22:39:10 Checking for update using Github
2025-08-22 22:39:10 Success.
2025-08-22 22:39:10 Latest version is 1.9.10
2025-08-22 22:39:10 App is up to date.
2025-08-22 23:39:10 Checking for update using Github
2025-08-22 23:39:10 Success.
2025-08-22 23:39:10 Latest version is 1.9.10
2025-08-22 23:39:10 App is up to date.
2025-08-23 00:39:10 Checking for update using Github
2025-08-23 00:39:10 Success.
2025-08-23 00:39:10 Latest version is 1.9.10
2025-08-23 00:39:10 App is up to date.
2025-08-23 01:39:10 Checking for update using Github
2025-08-23 01:39:10 Success.
2025-08-23 01:39:10 Latest version is 1.9.10
2025-08-23 01:39:10 App is up to date.
2025-08-23 02:39:10 Checking for update using Github
2025-08-23 02:39:10 Success.
2025-08-23 02:39:10 Latest version is 1.9.10
2025-08-23 02:39:10 App is up to date.
2025-08-23 03:39:10 Checking for update using Github
2025-08-23 03:39:10 Success.
2025-08-23 03:39:10 Latest version is 1.9.10
2025-08-23 03:39:10 App is up to date.
2025-08-23 04:39:10 Checking for update using Github
2025-08-23 04:39:10 Success.
2025-08-23 04:39:10 Latest version is 1.9.10
2025-08-23 04:39:10 App is up to date.
2025-08-23 05:39:10 Checking for update using Github
2025-08-23 05:39:10 Success.
2025-08-23 05:39:10 Latest version is 1.9.10
2025-08-23 05:39:10 App is up to date.
2025-08-23 06:39:10 Checking for update using Github
2025-08-23 06:39:11 Success.
2025-08-23 06:39:11 Latest version is 1.9.10
2025-08-23 06:39:11 App is up to date.
2025-08-23 07:39:10 Checking for update using Github
2025-08-23 07:39:11 Success.
2025-08-23 07:39:11 Latest version is 1.9.10
2025-08-23 07:39:11 App is up to date.
2025-08-23 08:39:11 Checking for update using Github
2025-08-23 08:39:11 Success.
2025-08-23 08:39:11 Latest version is 1.9.10
2025-08-23 08:39:11 App is up to date.
2025-08-23 09:39:11 Checking for update using Github
2025-08-23 09:39:11 Success.
2025-08-23 09:39:11 Latest version is 1.9.10
2025-08-23 09:39:11 App is up to date.
2025-08-23 10:39:11 Checking for update using Github
2025-08-23 10:39:11 Success.
2025-08-23 10:39:11 Latest version is 1.9.10
2025-08-23 10:39:11 App is up to date.
2025-08-23 11:39:11 Checking for update using Github
2025-08-23 11:39:11 Success.
2025-08-23 11:39:11 Latest version is 1.9.10
2025-08-23 11:39:11 App is up to date.
2025-08-23 12:39:11 Checking for update using Github
2025-08-23 12:39:11 Success.
2025-08-23 12:39:11 Latest version is 1.9.10
2025-08-23 12:39:11 App is up to date.
2025-08-23 13:39:11 Checking for update using Github
2025-08-23 13:39:11 Success.
2025-08-23 13:39:11 Latest version is 1.9.10
2025-08-23 13:39:11 App is up to date.
2025-08-23 14:39:11 Checking for update using Github
2025-08-23 14:39:11 Success.
2025-08-23 14:39:11 Latest version is 1.9.10
2025-08-23 14:39:11 App is up to date.
2025-08-23 15:39:11 Checking for update using Github
2025-08-23 15:39:11 Success.
2025-08-23 15:39:11 Latest version is 1.9.10
2025-08-23 15:39:11 App is up to date.
2025-08-23 16:39:11 Checking for update using Github
2025-08-23 16:39:11 Success.
2025-08-23 16:39:11 Latest version is 1.9.10
2025-08-23 16:39:11 App is up to date.
2025-08-23 17:39:11 Checking for update using Github
2025-08-23 17:39:11 Success.
2025-08-23 17:39:11 Latest version is 1.9.10
2025-08-23 17:39:11 App is up to date.
2025-08-23 18:39:11 Checking for update using Github
2025-08-23 18:39:12 Success.
2025-08-23 18:39:12 Latest version is 1.9.10
2025-08-23 18:39:12 App is up to date.
2025-08-23 19:39:11 Checking for update using Github
2025-08-23 19:39:12 Success.
2025-08-23 19:39:12 Latest version is 1.9.10
2025-08-23 19:39:12 App is up to date.
2025-08-23 20:39:12 Checking for update using Github
2025-08-23 20:39:12 Success.
2025-08-23 20:39:12 Latest version is 1.9.10
2025-08-23 20:39:12 App is up to date.
2025-08-23 21:39:12 Checking for update using Github
2025-08-23 21:39:12 Success.
2025-08-23 21:39:12 Latest version is 1.9.10
2025-08-23 21:39:12 App is up to date.
2025-08-23 22:39:12 Checking for update using Github
2025-08-23 22:39:12 Success.
2025-08-23 22:39:12 Latest version is 1.9.10
2025-08-23 22:39:12 App is up to date.
2025-08-23 23:39:12 Checking for update using Github
2025-08-23 23:39:12 Success.
2025-08-23 23:39:12 Latest version is 1.9.10
2025-08-23 23:39:12 App is up to date.
2025-08-24 00:39:12 Checking for update using Github
2025-08-24 00:39:12 Success.
2025-08-24 00:39:12 Latest version is 1.9.10
2025-08-24 00:39:12 App is up to date.
2025-08-24 01:39:12 Checking for update using Github
2025-08-24 01:39:12 Success.
2025-08-24 01:39:12 Latest version is 1.9.10
2025-08-24 01:39:12 App is up to date.
2025-08-24 02:39:12 Checking for update using Github
2025-08-24 02:39:12 Success.
2025-08-24 02:39:12 Latest version is 1.9.10
2025-08-24 02:39:12 App is up to date.
2025-08-24 03:39:12 Checking for update using Github
2025-08-24 03:39:12 Success.
2025-08-24 03:39:12 Latest version is 1.9.10
2025-08-24 03:39:12 App is up to date.
2025-08-24 04:39:12 Checking for update using Github
2025-08-24 04:39:12 Success.
2025-08-24 04:39:12 Latest version is 1.9.10
2025-08-24 04:39:12 App is up to date.
2025-08-24 05:39:12 Checking for update using Github
2025-08-24 05:39:12 Success.
2025-08-24 05:39:12 Latest version is 1.9.10
2025-08-24 05:39:12 App is up to date.
2025-08-24 06:39:12 Checking for update using Github
2025-08-24 06:39:12 Success.
2025-08-24 06:39:12 Latest version is 1.9.10
2025-08-24 06:39:12 App is up to date.
2025-08-24 07:39:12 Checking for update using Github
2025-08-24 07:39:12 Success.
2025-08-24 07:39:12 Latest version is 1.9.10
2025-08-24 07:39:12 App is up to date.
2025-08-24 08:39:12 Checking for update using Github
2025-08-24 08:39:13 Success.
2025-08-24 08:39:13 Latest version is 1.9.10
2025-08-24 08:39:13 App is up to date.
2025-08-24 09:39:12 Checking for update using Github
2025-08-24 09:39:13 Success.
2025-08-24 09:39:13 Latest version is 1.9.10
2025-08-24 09:39:13 App is up to date.
2025-08-24 10:39:12 Checking for update using Github
2025-08-24 10:39:13 Success.
2025-08-24 10:39:13 Latest version is 1.9.10
2025-08-24 10:39:13 App is up to date.
2025-08-24 11:39:13 Checking for update using Github
2025-08-24 11:39:13 Success.
2025-08-24 11:39:13 Latest version is 1.9.10
2025-08-24 11:39:13 App is up to date.
2025-08-24 12:39:13 Checking for update using Github
2025-08-24 12:39:13 Success.
2025-08-24 12:39:13 Latest version is 1.9.10
2025-08-24 12:39:13 App is up to date.
2025-08-24 13:39:13 Checking for update using Github
2025-08-24 13:39:13 Success.
2025-08-24 13:39:13 Latest version is 1.9.10
2025-08-24 13:39:13 App is up to date.
2025-08-24 14:39:13 Checking for update using Github
2025-08-24 14:39:13 Success.
2025-08-24 14:39:13 Latest version is 1.9.10
2025-08-24 14:39:13 App is up to date.
2025-08-24 15:39:13 Checking for update using Github
2025-08-24 15:39:13 Success.
2025-08-24 15:39:13 Latest version is 1.9.10
2025-08-24 15:39:13 App is up to date.
2025-08-24 16:39:13 Checking for update using Github
2025-08-24 16:39:13 Success.
2025-08-24 16:39:13 Latest version is 1.9.10
2025-08-24 16:39:13 App is up to date.
2025-08-24 17:39:13 Checking for update using Github
2025-08-24 17:39:13 Success.
2025-08-24 17:39:13 Latest version is 1.9.10
2025-08-24 17:39:13 App is up to date.
2025-08-26 14:56:34 Loading main app package /usr/lib/obsidian/obsidian.asar
2025-08-26 14:56:34 Checking for update using Github
2025-08-26 14:56:34 Success.
2025-08-26 14:56:34 Latest version is 1.9.12
2025-08-26 14:56:34 Downloading update from https://github.com/obsidianmd/obsidian-releases/releases/download/v1.9.12/obsidian-1.9.12.asar.gz
2025-08-26 14:56:45 Verifying hash & signature. Size= 9033321
2025-08-26 14:56:45 Saving file
2025-08-26 14:56:46 Update complete.
2025-08-26 15:56:34 Checking for update using Github
2025-08-26 15:56:34 Success.
2025-08-26 15:56:34 Latest version is 1.9.12
2025-08-26 15:56:34 An update is already downloaded.
2025-08-26 16:56:34 Checking for update using Github
2025-08-26 16:56:34 Success.
2025-08-26 16:56:34 Latest version is 1.9.12
2025-08-26 16:56:34 An update is already downloaded.
2025-08-26 17:56:34 Checking for update using Github
2025-08-26 17:56:34 Success.
2025-08-26 17:56:34 Latest version is 1.9.12
2025-08-26 17:56:34 An update is already downloaded.
2025-08-26 18:56:34 Checking for update using Github
2025-08-26 18:56:34 Success.
2025-08-26 18:56:34 Latest version is 1.9.12
2025-08-26 18:56:34 An update is already downloaded.
2025-08-26 19:56:34 Checking for update using Github
2025-08-26 19:56:34 Success.
2025-08-26 19:56:34 Latest version is 1.9.12
2025-08-26 19:56:34 An update is already downloaded.
2025-08-27 08:22:16 Loading updated app package /home/thedocingeast/.config/obsidian/obsidian-1.9.12.asar
2025-08-27 08:22:17 Checking for update using Github
2025-08-27 08:22:18 Success.
2025-08-27 08:22:18 Latest version is 1.9.12
2025-08-27 08:22:18 App is up to date.
2025-08-27 20:06:02 Loading updated app package /home/thedocingeast/.config/obsidian/obsidian-1.9.12.asar
2025-08-27 20:06:03 Checking for update using Github
2025-08-27 20:06:04 Success.
2025-08-27 20:06:04 Latest version is 1.9.12
2025-08-27 20:06:04 App is up to date.
2025-08-28 10:46:04 Loading main app package /usr/lib/obsidian/obsidian.asar
2025-08-28 10:46:05 Checking for update using Github
2025-08-28 10:46:05 Failed to check for update using Github (net::ERR_INTERNET_DISCONNECTED)
2025-08-28 10:46:05 Checking for update using obsidian.md
2025-08-28 10:46:05 Failed to check for update using obsidian.md (net::ERR_INTERNET_DISCONNECTED)
2025-08-28 11:46:04 Checking for update using Github
2025-08-28 11:46:04 Success.
2025-08-28 11:46:04 Latest version is 1.9.12
2025-08-28 11:46:04 App is up to date.
2025-08-28 12:46:04 Checking for update using Github
2025-08-28 12:46:04 Success.
2025-08-28 12:46:04 Latest version is 1.9.12
2025-08-28 12:46:04 App is up to date.
2025-08-28 16:16:49 Loading main app package /usr/lib/obsidian/obsidian.asar
2025-08-28 16:16:50 Checking for update using Github
2025-08-28 16:16:50 Failed to check for update using Github (net::ERR_INTERNET_DISCONNECTED)
2025-08-28 16:16:50 Checking for update using obsidian.md
2025-08-28 16:16:50 Failed to check for update using obsidian.md (net::ERR_INTERNET_DISCONNECTED)
2025-08-29 08:43:03 Loading main app package /usr/lib/obsidian/obsidian.asar
2025-08-29 08:43:04 Checking for update using Github
2025-08-29 08:43:04 Success.
2025-08-29 08:43:04 Latest version is 1.9.12
2025-08-29 08:43:04 App is up to date.
2025-08-29 09:43:03 Checking for update using Github
2025-08-29 09:43:03 Success.
2025-08-29 09:43:03 Latest version is 1.9.12
2025-08-29 09:43:03 App is up to date.
2025-08-29 10:43:03 Checking for update using Github
2025-08-29 10:43:04 Success.
2025-08-29 10:43:04 Latest version is 1.9.12
2025-08-29 10:43:04 App is up to date.
2025-08-29 11:43:03 Checking for update using Github
2025-08-29 11:43:04 Success.
2025-08-29 11:43:04 Latest version is 1.9.12
2025-08-29 11:43:04 App is up to date.
2025-08-29 12:43:03 Checking for update using Github
2025-08-29 12:43:04 Success.
2025-08-29 12:43:04 Latest version is 1.9.12
2025-08-29 12:43:04 App is up to date.
2025-08-29 13:43:04 Checking for update using Github
2025-08-29 13:43:04 Success.
2025-08-29 13:43:04 Latest version is 1.9.12
2025-08-29 13:43:04 App is up to date.
2025-08-29 14:43:04 Checking for update using Github
2025-08-29 14:43:04 Success.
2025-08-29 14:43:04 Latest version is 1.9.12
2025-08-29 14:43:04 App is up to date.
2025-08-29 15:43:04 Checking for update using Github
2025-08-29 15:43:04 Success.
2025-08-29 15:43:04 Latest version is 1.9.12
2025-08-29 15:43:04 App is up to date.
2025-08-29 16:43:04 Checking for update using Github
2025-08-29 16:43:04 Success.
2025-08-29 16:43:04 Latest version is 1.9.12
2025-08-29 16:43:04 App is up to date.
2025-08-29 17:43:04 Checking for update using Github
2025-08-29 17:43:04 Success.
2025-08-29 17:43:04 Latest version is 1.9.12
2025-08-29 17:43:04 App is up to date.
2025-08-29 18:41:50 Loading main app package /usr/lib/obsidian/obsidian.asar
2025-08-29 18:41:51 Checking for update using Github
2025-08-29 18:41:52 Success.
2025-08-29 18:41:52 Latest version is 1.9.12
2025-08-29 18:41:52 App is up to date.
2025-08-29 19:41:51 Checking for update using Github
2025-08-29 19:41:51 Success.
2025-08-29 19:41:51 Latest version is 1.9.12
2025-08-29 19:41:51 App is up to date.
2025-08-29 20:41:51 Checking for update using Github
2025-08-29 20:41:51 Success.
2025-08-29 20:41:51 Latest version is 1.9.12
2025-08-29 20:41:51 App is up to date.
2025-08-29 21:00:43 Loading main app package /usr/lib/obsidian/obsidian.asar
2025-08-29 21:00:44 Checking for update using Github
2025-08-29 21:00:44 Success.
2025-08-29 21:00:44 Latest version is 1.9.12
2025-08-29 21:00:44 App is up to date.
2025-08-29 22:00:43 Checking for update using Github
2025-08-29 22:00:43 Success.
2025-08-29 22:00:43 Latest version is 1.9.12
2025-08-29 22:00:43 App is up to date.
2025-08-30 06:52:16 Loading main app package /usr/lib/obsidian/obsidian.asar
2025-08-30 06:52:16 Checking for update using Github
2025-08-30 06:52:17 Success.
2025-08-30 06:52:17 Latest version is 1.9.12
2025-08-30 06:52:17 App is up to date.
2025-08-30 07:52:16 Checking for update using Github
2025-08-30 07:52:16 Success.
2025-08-30 07:52:16 Latest version is 1.9.12
2025-08-30 07:52:16 App is up to date.
2025-08-30 08:52:16 Checking for update using Github
2025-08-30 08:52:16 Success.
2025-08-30 08:52:16 Latest version is 1.9.12
2025-08-30 08:52:16 App is up to date.
2025-08-30 09:52:16 Checking for update using Github
2025-08-30 09:52:16 Success.
2025-08-30 09:52:16 Latest version is 1.9.12
2025-08-30 09:52:16 App is up to date.
2025-08-30 10:52:16 Checking for update using Github
2025-08-30 10:52:16 Success.
2025-08-30 10:52:16 Latest version is 1.9.12
2025-08-30 10:52:16 App is up to date.
2025-08-30 11:52:16 Checking for update using Github
2025-08-30 11:52:16 Success.
2025-08-30 11:52:16 Latest version is 1.9.12
2025-08-30 11:52:16 App is up to date.
2025-08-30 12:52:16 Checking for update using Github
2025-08-30 12:52:16 Success.
2025-08-30 12:52:16 Latest version is 1.9.12
2025-08-30 12:52:16 App is up to date.
2025-08-30 13:52:16 Checking for update using Github
2025-08-30 13:52:16 Success.
2025-08-30 13:52:16 Latest version is 1.9.12
2025-08-30 13:52:16 App is up to date.
2025-08-30 14:52:16 Checking for update using Github
2025-08-30 14:52:17 Success.
2025-08-30 14:52:17 Latest version is 1.9.12
2025-08-30 14:52:17 App is up to date.
2025-08-30 15:11:02 Loading main app package /usr/lib/obsidian/obsidian.asar
2025-08-30 15:11:02 Checking for update using Github
2025-08-30 15:11:03 Success.
2025-08-30 15:11:03 Latest version is 1.9.12
2025-08-30 15:11:03 App is up to date.
2025-08-30 19:43:47 Loading main app package /usr/lib/obsidian/obsidian.asar
2025-08-30 19:43:48 Checking for update using Github
2025-08-30 19:43:48 Failed to check for update using Github (net::ERR_NAME_NOT_RESOLVED)
2025-08-30 19:43:48 Checking for update using obsidian.md
2025-08-30 19:43:48 Failed to check for update using obsidian.md (net::ERR_NAME_NOT_RESOLVED)
2025-08-31 08:27:33 Loading main app package /usr/lib/obsidian/obsidian.asar
2025-08-31 08:27:34 Checking for update using Github
2025-08-31 08:27:34 Failed to check for update using Github (net::ERR_INTERNET_DISCONNECTED)
2025-08-31 08:27:34 Checking for update using obsidian.md
2025-08-31 08:27:34 Failed to check for update using obsidian.md (net::ERR_INTERNET_DISCONNECTED)
2025-08-31 09:27:34 Checking for update using Github
2025-08-31 09:27:34 Success.
2025-08-31 09:27:34 Latest version is 1.9.12
2025-08-31 09:27:34 App is up to date.
2025-08-31 10:27:34 Checking for update using Github
2025-08-31 10:27:34 Success.
2025-08-31 10:27:34 Latest version is 1.9.12
2025-08-31 10:27:34 App is up to date.
2025-08-31 11:27:34 Checking for update using Github
2025-08-31 11:27:34 Success.
2025-08-31 11:27:34 Latest version is 1.9.12
2025-08-31 11:27:34 App is up to date.
2025-08-31 12:27:34 Checking for update using Github
2025-08-31 12:27:34 Success.
2025-08-31 12:27:34 Latest version is 1.9.12
2025-08-31 12:27:34 App is up to date.
2025-08-31 13:27:34 Checking for update using Github
2025-08-31 13:27:34 Success.
2025-08-31 13:27:34 Latest version is 1.9.12
2025-08-31 13:27:34 App is up to date.
2025-08-31 14:27:34 Checking for update using Github
2025-08-31 14:27:34 Success.
2025-08-31 14:27:34 Latest version is 1.9.12
2025-08-31 14:27:34 App is up to date.
2025-08-31 15:27:34 Checking for update using Github
2025-08-31 15:27:35 Success.
2025-08-31 15:27:35 Latest version is 1.9.12
2025-08-31 15:27:35 App is up to date.
2025-08-31 16:27:34 Checking for update using Github
2025-08-31 16:27:35 Success.
2025-08-31 16:27:35 Latest version is 1.9.12
2025-08-31 16:27:35 App is up to date.
2025-08-31 17:27:35 Checking for update using Github
2025-08-31 17:27:35 Success.
2025-08-31 17:27:35 Latest version is 1.9.12
2025-08-31 17:27:35 App is up to date.
2025-08-31 18:27:35 Checking for update using Github
2025-08-31 18:27:35 Success.
2025-08-31 18:27:35 Latest version is 1.9.12
2025-08-31 18:27:35 App is up to date.
2025-08-31 19:27:35 Checking for update using Github
2025-08-31 19:27:35 Success.
2025-08-31 19:27:35 Latest version is 1.9.12
2025-08-31 19:27:35 App is up to date.
2025-08-31 20:27:35 Checking for update using Github
2025-08-31 20:27:36 Success.
2025-08-31 20:27:36 Latest version is 1.9.12
2025-08-31 20:27:36 App is up to date.
2025-08-31 21:27:35 Checking for update using Github
2025-08-31 21:27:35 Success.
2025-08-31 21:27:35 Latest version is 1.9.12
2025-08-31 21:27:35 App is up to date.
2025-08-31 22:27:35 Checking for update using Github
2025-08-31 22:27:35 Success.
2025-08-31 22:27:35 Latest version is 1.9.12
2025-08-31 22:27:35 App is up to date.
2025-09-01 05:11:48 Loading main app package /usr/lib/obsidian/obsidian.asar
2025-09-01 05:11:48 Checking for update using Github
2025-09-01 05:11:49 Success.
2025-09-01 05:11:49 Latest version is 1.9.12
2025-09-01 05:11:49 App is up to date.
2025-09-01 14:02:46 Loading main app package /usr/lib/obsidian/obsidian.asar
2025-09-01 14:02:47 Checking for update using Github
2025-09-01 14:02:47 Success.
2025-09-01 14:02:47 Latest version is 1.9.12
2025-09-01 14:02:47 App is up to date.
2025-09-01 15:02:47 Checking for update using Github
2025-09-01 15:02:47 Success.
2025-09-01 15:02:47 Latest version is 1.9.12
2025-09-01 15:02:47 App is up to date.
2025-09-01 16:02:47 Checking for update using Github
2025-09-01 16:02:47 Success.
2025-09-01 16:02:47 Latest version is 1.9.12
2025-09-01 16:02:47 App is up to date.
2025-09-01 17:02:47 Checking for update using Github
2025-09-01 17:02:47 Success.
2025-09-01 17:02:47 Latest version is 1.9.12
2025-09-01 17:02:47 App is up to date.
2025-09-01 18:02:47 Checking for update using Github
2025-09-01 18:02:47 Success.
2025-09-01 18:02:47 Latest version is 1.9.12
2025-09-01 18:02:47 App is up to date.
2025-09-01 19:02:47 Checking for update using Github
2025-09-01 19:02:47 Success.
2025-09-01 19:02:47 Latest version is 1.9.12
2025-09-01 19:02:47 App is up to date.
2025-09-01 20:02:47 Checking for update using Github
2025-09-01 20:02:47 Success.
2025-09-01 20:02:47 Latest version is 1.9.12
2025-09-01 20:02:47 App is up to date.
2025-09-01 21:01:41 Loading main app package /usr/lib/obsidian/obsidian.asar
2025-09-01 21:01:42 Checking for update using Github
2025-09-01 21:01:42 Success.
2025-09-01 21:01:42 Latest version is 1.9.12
2025-09-01 21:01:42 App is up to date.
2025-09-02 20:59:02 Loading main app package /usr/lib/obsidian/obsidian.asar
2025-09-02 20:59:02 Checking for update using Github
2025-09-02 20:59:03 Success.
2025-09-02 20:59:03 Latest version is 1.9.12
2025-09-02 20:59:03 App is up to date.
2025-09-02 21:59:02 Checking for update using Github
2025-09-02 21:59:02 Success.
2025-09-02 21:59:02 Latest version is 1.9.12
2025-09-02 21:59:02 App is up to date.
2025-09-02 22:59:02 Checking for update using Github
2025-09-02 22:59:02 Success.
2025-09-02 22:59:02 Latest version is 1.9.12
2025-09-02 22:59:02 App is up to date.
2025-09-02 23:59:02 Checking for update using Github
2025-09-02 23:59:02 Success.
2025-09-02 23:59:02 Latest version is 1.9.12
2025-09-02 23:59:02 App is up to date.
2025-09-03 00:59:02 Checking for update using Github
2025-09-03 00:59:02 Success.
2025-09-03 00:59:02 Latest version is 1.9.12
2025-09-03 00:59:02 App is up to date.
2025-09-03 01:59:02 Checking for update using Github
2025-09-03 01:59:02 Success.
2025-09-03 01:59:02 Latest version is 1.9.12
2025-09-03 01:59:02 App is up to date.
2025-09-03 02:59:02 Checking for update using Github
2025-09-03 02:59:02 Success.
2025-09-03 02:59:02 Latest version is 1.9.12
2025-09-03 02:59:02 App is up to date.
2025-09-03 03:59:02 Checking for update using Github
2025-09-03 03:59:02 Success.
2025-09-03 03:59:02 Latest version is 1.9.12
2025-09-03 03:59:02 App is up to date.
2025-09-03 04:59:02 Checking for update using Github
2025-09-03 04:59:02 Success.
2025-09-03 04:59:02 Latest version is 1.9.12
2025-09-03 04:59:02 App is up to date.
2025-09-03 05:59:02 Checking for update using Github
2025-09-03 05:59:03 Success.
2025-09-03 05:59:03 Latest version is 1.9.12
2025-09-03 05:59:03 App is up to date.
2025-09-03 06:59:02 Checking for update using Github
2025-09-03 06:59:03 Success.
2025-09-03 06:59:03 Latest version is 1.9.12
2025-09-03 06:59:03 App is up to date.
2025-09-03 18:42:09 Loading main app package /usr/lib/obsidian/obsidian.asar
2025-09-03 18:42:09 Checking for update using Github
2025-09-03 18:42:10 Success.
2025-09-03 18:42:10 Latest version is 1.9.12
2025-09-03 18:42:10 App is up to date.
2025-09-06 19:31:21 Loading main app package /usr/lib/obsidian/obsidian.asar
2025-09-06 19:31:22 Checking for update using Github
2025-09-06 19:31:22 Success.
2025-09-06 19:31:22 Latest version is 1.9.12
2025-09-06 19:31:22 App is up to date.
2025-09-06 20:31:21 Checking for update using Github
2025-09-06 20:31:21 Success.
2025-09-06 20:31:21 Latest version is 1.9.12
2025-09-06 20:31:21 App is up to date.
2025-09-06 21:31:21 Checking for update using Github
2025-09-06 21:31:22 Success.
2025-09-06 21:31:22 Latest version is 1.9.12
2025-09-06 21:31:22 App is up to date.
2025-09-06 22:31:21 Checking for update using Github
2025-09-06 22:31:22 Success.
2025-09-06 22:31:22 Latest version is 1.9.12
2025-09-06 22:31:22 App is up to date.
2025-09-06 23:31:22 Checking for update using Github
2025-09-06 23:31:22 Success.
2025-09-06 23:31:22 Latest version is 1.9.12
2025-09-06 23:31:22 App is up to date.
2025-09-07 00:31:22 Checking for update using Github
2025-09-07 00:31:22 Success.
2025-09-07 00:31:22 Latest version is 1.9.12
2025-09-07 00:31:22 App is up to date.
2025-09-07 01:31:22 Checking for update using Github
2025-09-07 01:31:22 Success.
2025-09-07 01:31:22 Latest version is 1.9.12
2025-09-07 01:31:22 App is up to date.
2025-09-07 02:31:22 Checking for update using Github
2025-09-07 02:31:22 Success.
2025-09-07 02:31:22 Latest version is 1.9.12
2025-09-07 02:31:22 App is up to date.
2025-09-07 03:31:22 Checking for update using Github
2025-09-07 03:31:22 Success.
2025-09-07 03:31:22 Latest version is 1.9.12
2025-09-07 03:31:22 App is up to date.
2025-09-07 04:31:22 Checking for update using Github
2025-09-07 04:31:22 Success.
2025-09-07 04:31:22 Latest version is 1.9.12
2025-09-07 04:31:22 App is up to date.
2025-09-07 05:31:22 Checking for update using Github
2025-09-07 05:31:22 Success.
2025-09-07 05:31:22 Latest version is 1.9.12
2025-09-07 05:31:22 App is up to date.
2025-09-07 06:31:22 Checking for update using Github
2025-09-07 06:31:22 Success.
2025-09-07 06:31:22 Latest version is 1.9.12
2025-09-07 06:31:22 App is up to date.
2025-09-07 07:31:22 Checking for update using Github
2025-09-07 07:31:22 Success.
2025-09-07 07:31:22 Latest version is 1.9.12
2025-09-07 07:31:22 App is up to date.
2025-09-07 10:16:26 Loading main app package /usr/lib/obsidian/obsidian.asar
2025-09-07 10:16:26 Checking for update using Github
2025-09-07 10:16:26 Success.
2025-09-07 10:16:26 Latest version is 1.9.12
2025-09-07 10:16:26 App is up to date.
2025-09-07 11:16:26 Checking for update using Github
2025-09-07 11:16:26 Success.
2025-09-07 11:16:26 Latest version is 1.9.12
2025-09-07 11:16:26 App is up to date.
2025-09-07 12:16:26 Checking for update using Github
2025-09-07 12:16:26 Success.
2025-09-07 12:16:26 Latest version is 1.9.12
2025-09-07 12:16:26 App is up to date.
2025-09-07 13:16:26 Checking for update using Github
2025-09-07 13:16:26 Failed to check for update using Github (net::ERR_ADDRESS_UNREACHABLE)
2025-09-07 13:16:26 Checking for update using obsidian.md
2025-09-07 13:16:27 Failed to check for update using obsidian.md (Unexpected end of JSON input)
2025-09-07 14:16:26 Checking for update using Github
2025-09-07 14:16:27 Success.
2025-09-07 14:16:27 Latest version is 1.9.12
2025-09-07 14:16:27 App is up to date.
2025-09-07 15:16:26 Checking for update using Github
2025-09-07 15:16:27 Success.
2025-09-07 15:16:27 Latest version is 1.9.12
2025-09-07 15:16:27 App is up to date.
2025-09-07 16:16:26 Checking for update using Github
2025-09-07 16:16:27 Success.
2025-09-07 16:16:27 Latest version is 1.9.12
2025-09-07 16:16:27 App is up to date.
2025-09-07 17:16:27 Checking for update using Github
2025-09-07 17:16:27 Success.
2025-09-07 17:16:27 Latest version is 1.9.12
2025-09-07 17:16:27 App is up to date.
2025-09-07 18:16:27 Checking for update using Github
2025-09-07 18:16:27 Success.
2025-09-07 18:16:27 Latest version is 1.9.12
2025-09-07 18:16:27 App is up to date.
2025-09-07 19:16:27 Checking for update using Github
2025-09-07 19:16:27 Success.
2025-09-07 19:16:27 Latest version is 1.9.12
2025-09-07 19:16:27 App is up to date.
2025-09-07 20:44:22 Loading main app package /usr/lib/obsidian/obsidian.asar
2025-09-07 20:44:22 Checking for update using Github
2025-09-07 20:44:23 Success.
2025-09-07 20:44:23 Latest version is 1.9.12
2025-09-07 20:44:23 App is up to date.
2025-09-08 06:02:51 Loading main app package /usr/lib/obsidian/obsidian.asar
2025-09-08 06:02:51 Checking for update using Github
2025-09-08 06:02:52 Failed to check for update using Github (net::ERR_ADDRESS_UNREACHABLE)
2025-09-08 06:02:52 Checking for update using obsidian.md
2025-09-08 06:02:52 Failed to check for update using obsidian.md (Unexpected end of JSON input)
2025-09-08 15:09:51 Loading main app package /usr/lib/obsidian/obsidian.asar
2025-09-08 15:09:51 Checking for update using Github
2025-09-08 15:09:51 Failed to check for update using Github (net::ERR_ADDRESS_UNREACHABLE)
2025-09-08 15:09:51 Checking for update using obsidian.md
2025-09-08 15:09:52 Failed to check for update using obsidian.md (Unexpected end of JSON input)
2025-09-08 17:51:12 Loading main app package /usr/lib/obsidian/obsidian.asar
2025-09-08 17:51:12 Checking for update using Github
2025-09-08 17:51:13 Success.
2025-09-08 17:51:13 Latest version is 1.9.12
2025-09-08 17:51:13 App is up to date.
2025-09-08 18:51:12 Checking for update using Github
2025-09-08 18:51:13 Success.
2025-09-08 18:51:13 Latest version is 1.9.12
2025-09-08 18:51:13 App is up to date.
2025-09-08 19:51:12 Checking for update using Github
2025-09-08 19:51:38 Failed to check for update using Github (net::ERR_CONNECTION_RESET)
2025-09-08 19:51:38 Checking for update using obsidian.md
2025-09-08 19:51:38 Failed to check for update using obsidian.md (Unexpected end of JSON input)
2025-09-08 20:37:01 Loading main app package /usr/lib/obsidian/obsidian.asar
2025-09-08 20:37:01 Checking for update using Github
2025-09-08 20:37:20 Failed to check for update using Github (net::ERR_CONNECTION_RESET)
2025-09-08 20:37:20 Checking for update using obsidian.md
2025-09-08 20:37:20 Failed to check for update using obsidian.md (Unexpected end of JSON input)
2025-09-09 21:37:48 Loading main app package /usr/lib/obsidian/obsidian.asar
2025-09-09 21:37:48 Checking for update using Github
2025-09-09 21:37:48 Success.
2025-09-09 21:37:48 Latest version is 1.9.12
2025-09-09 21:37:48 App is up to date.
2025-09-10 10:22:26 Loading main app package /usr/lib/obsidian/obsidian.asar
2025-09-10 10:22:26 Checking for update using Github
2025-09-10 10:22:52 Failed to check for update using Github (net::ERR_CONNECTION_RESET)
2025-09-10 10:22:52 Checking for update using obsidian.md
2025-09-10 10:22:52 Failed to check for update using obsidian.md (Unexpected end of JSON input)
2025-09-10 11:22:26 Checking for update using Github
2025-09-10 11:22:27 Success.
2025-09-10 11:22:27 Latest version is 1.9.12
2025-09-10 11:22:27 App is up to date.
2025-09-10 12:22:26 Checking for update using Github
2025-09-10 12:23:01 Failed to check for update using Github (net::ERR_CONNECTION_RESET)
2025-09-10 12:23:01 Checking for update using obsidian.md
2025-09-10 12:23:01 Failed to check for update using obsidian.md (Unexpected end of JSON input)
2025-09-10 13:22:26 Checking for update using Github
2025-09-10 13:23:13 Failed to check for update using Github (net::ERR_TIMED_OUT)
2025-09-10 13:23:13 Checking for update using obsidian.md
2025-09-10 13:23:14 Failed to check for update using obsidian.md (Unexpected end of JSON input)
2025-09-10 14:22:26 Checking for update using Github
2025-09-10 14:22:43 Failed to check for update using Github (net::ERR_CONNECTION_RESET)
2025-09-10 14:22:43 Checking for update using obsidian.md
2025-09-10 14:22:44 Failed to check for update using obsidian.md (Unexpected end of JSON input)
2025-09-10 15:22:26 Checking for update using Github
2025-09-10 15:22:26 Success.
2025-09-10 15:22:26 Latest version is 1.9.12
2025-09-10 15:22:26 App is up to date.
2025-09-10 16:22:26 Checking for update using Github
2025-09-10 16:22:27 Success.
2025-09-10 16:22:27 Latest version is 1.9.12
2025-09-10 16:22:27 App is up to date.
2025-09-10 17:22:26 Checking for update using Github
2025-09-10 17:22:27 Success.
2025-09-10 17:22:27 Latest version is 1.9.12
2025-09-10 17:22:27 App is up to date.
2025-09-10 18:22:26 Checking for update using Github
2025-09-11 13:48:40 Loading main app package /usr/lib/obsidian/obsidian.asar
2025-09-11 13:48:41 Checking for update using Github
2025-09-11 13:48:42 Success.
2025-09-11 13:48:42 Latest version is 1.9.12
2025-09-11 13:48:42 App is up to date.
2025-09-11 14:48:41 Checking for update using Github
2025-09-11 14:49:20 Failed to check for update using Github (net::ERR_TIMED_OUT)
2025-09-11 14:49:20 Checking for update using obsidian.md
2025-09-11 14:49:20 Failed to check for update using obsidian.md (Unexpected end of JSON input)
2025-09-11 15:48:41 Checking for update using Github
2025-09-11 15:48:41 Success.
2025-09-11 15:48:41 Latest version is 1.9.12
2025-09-11 15:48:41 App is up to date.
2025-09-11 16:48:41 Checking for update using Github
2025-09-11 16:49:22 Failed to check for update using Github (net::ERR_TIMED_OUT)
2025-09-11 16:49:22 Checking for update using obsidian.md
2025-09-11 16:49:23 Failed to check for update using obsidian.md (Unexpected end of JSON input)
2025-09-11 17:48:41 Checking for update using Github
2025-09-12 10:09:00 Loading main app package /usr/lib/obsidian/obsidian.asar
2025-09-12 10:09:00 Checking for update using Github
2025-09-12 10:09:00 Success.
2025-09-12 10:09:00 Latest version is 1.9.12
2025-09-12 10:09:00 App is up to date.
2025-09-12 11:09:00 Checking for update using Github
2025-09-12 11:09:26 Failed to check for update using Github (net::ERR_CONNECTION_RESET)
2025-09-12 11:09:26 Checking for update using obsidian.md
2025-09-12 11:09:26 Failed to check for update using obsidian.md (Unexpected end of JSON input)
2025-09-12 12:09:00 Checking for update using Github
2025-09-12 12:09:00 Success.
2025-09-12 12:09:00 Latest version is 1.9.12
2025-09-12 12:09:00 App is up to date.
2025-09-12 13:09:00 Checking for update using Github
2025-09-12 13:09:00 Success.
2025-09-12 13:09:00 Latest version is 1.9.12
2025-09-12 13:09:00 App is up to date.
2025-09-12 14:09:00 Checking for update using Github
2025-09-12 14:09:00 Success.
2025-09-12 14:09:00 Latest version is 1.9.12
2025-09-12 14:09:00 App is up to date.
2025-09-12 15:09:00 Checking for update using Github
2025-09-12 15:09:00 Success.
2025-09-12 15:09:00 Latest version is 1.9.12
2025-09-12 15:09:00 App is up to date.
2025-09-12 16:09:00 Checking for update using Github
2025-09-12 16:09:00 Success.
2025-09-12 16:09:00 Latest version is 1.9.12
2025-09-12 16:09:00 App is up to date.
2025-09-12 17:09:00 Checking for update using Github
2025-09-12 17:09:01 Success.
2025-09-12 17:09:01 Latest version is 1.9.12
2025-09-12 17:09:01 App is up to date.
2025-09-12 18:09:00 Checking for update using Github
2025-09-12 18:09:01 Success.
2025-09-12 18:09:01 Latest version is 1.9.12
2025-09-12 18:09:01 App is up to date.
2025-09-12 19:09:00 Checking for update using Github
2025-09-12 19:09:01 Success.
2025-09-12 19:09:01 Latest version is 1.9.12
2025-09-12 19:09:01 App is up to date.
2025-09-12 20:09:01 Checking for update using Github
2025-09-12 20:09:01 Success.
2025-09-12 20:09:01 Latest version is 1.9.12
2025-09-12 20:09:01 App is up to date.
2025-09-12 21:09:01 Checking for update using Github
2025-09-12 21:09:01 Success.
2025-09-12 21:09:01 Latest version is 1.9.12
2025-09-12 21:09:01 App is up to date.
2025-09-13 07:09:26 Loading main app package /usr/lib/obsidian/obsidian.asar
2025-09-13 07:09:26 Checking for update using Github
2025-09-13 07:09:27 Success.
2025-09-13 07:09:27 Latest version is 1.9.12
2025-09-13 07:09:27 App is up to date.
2025-09-13 12:25:12 Loading main app package /usr/lib/obsidian/obsidian.asar
2025-09-13 12:25:12 Checking for update using Github
2025-09-13 12:25:13 Success.
2025-09-13 12:25:13 Latest version is 1.9.12
2025-09-13 12:25:13 App is up to date.
2025-09-13 15:06:01 Loading main app package /usr/lib/obsidian/obsidian.asar
2025-09-13 15:06:01 Checking for update using Github
2025-09-13 15:06:01 Success.
2025-09-13 15:06:01 Latest version is 1.9.12
2025-09-13 15:06:01 App is up to date.
2025-09-13 15:29:44 Loading main app package /usr/lib/obsidian/obsidian.asar
2025-09-13 15:29:45 Checking for update using Github
2025-09-13 15:29:45 Success.
2025-09-13 15:29:45 Latest version is 1.9.12
2025-09-13 15:29:45 App is up to date.
2025-09-14 15:14:16 Loading main app package /usr/lib/obsidian/obsidian.asar
2025-09-14 15:14:16 Checking for update using Github
2025-09-14 15:14:16 Success.
2025-09-14 15:14:16 Latest version is 1.9.12
2025-09-14 15:14:16 App is up to date.
2025-09-14 16:14:16 Checking for update using Github
2025-09-14 16:14:16 Success.
2025-09-14 16:14:16 Latest version is 1.9.12
2025-09-14 16:14:16 App is up to date.
2025-09-14 17:14:16 Checking for update using Github
2025-09-14 17:14:16 Success.
2025-09-14 17:14:16 Latest version is 1.9.12
2025-09-14 17:14:16 App is up to date.
2025-09-14 18:14:16 Checking for update using Github
2025-09-14 18:14:16 Success.
2025-09-14 18:14:16 Latest version is 1.9.12
2025-09-14 18:14:16 App is up to date.
2025-09-14 19:14:16 Checking for update using Github
2025-09-14 19:14:16 Success.
2025-09-14 19:14:16 Latest version is 1.9.12
2025-09-14 19:14:16 App is up to date.
2025-09-14 20:14:16 Checking for update using Github
2025-09-14 20:14:16 Success.
2025-09-14 20:14:16 Latest version is 1.9.12
2025-09-14 20:14:16 App is up to date.
2025-09-14 21:14:16 Checking for update using Github
2025-09-14 21:14:16 Success.
2025-09-14 21:14:16 Latest version is 1.9.12
2025-09-14 21:14:16 App is up to date.
2025-09-15 18:48:24 Loading main app package /usr/lib/obsidian/obsidian.asar
2025-09-15 18:48:24 Checking for update using Github
2025-09-15 18:48:24 Success.
2025-09-15 18:48:24 Latest version is 1.9.12
2025-09-15 18:48:24 App is up to date.
2025-09-16 14:39:08 Loading main app package /usr/lib/obsidian/obsidian.asar
2025-09-16 14:39:08 Checking for update using Github
2025-09-16 14:39:08 Success.
2025-09-16 14:39:08 Latest version is 1.9.12
2025-09-16 14:39:08 App is up to date.
2025-09-17 18:12:35 Loading main app package /usr/lib/obsidian/obsidian.asar
2025-09-17 18:12:35 Checking for update using Github
2025-09-17 18:12:35 Success.
2025-09-17 18:12:35 Latest version is 1.9.12
2025-09-17 18:12:35 App is up to date.
2025-09-21 11:33:58 Loading main app package /usr/lib/obsidian/obsidian.asar
2025-09-21 11:33:58 Checking for update using Github
2025-09-21 11:34:01 Success.
2025-09-21 11:34:01 Latest version is 1.9.12
2025-09-21 11:34:01 App is up to date.
2025-09-21 13:45:25 Loading main app package /usr/lib/obsidian/obsidian.asar
2025-09-21 13:45:25 Checking for update using Github
2025-09-21 13:45:26 Success.
2025-09-21 13:45:26 Latest version is 1.9.12
2025-09-21 13:45:26 App is up to date.
2025-09-21 16:41:29 Loading main app package /usr/lib/obsidian/obsidian.asar
2025-09-21 16:41:30 Checking for update using Github
2025-09-21 16:41:30 Success.
2025-09-21 16:41:30 Latest version is 1.9.12
2025-09-21 16:41:30 App is up to date.
2025-09-21 17:41:29 Checking for update using Github
2025-09-21 17:41:30 Success.
2025-09-21 17:41:30 Latest version is 1.9.12
2025-09-21 17:41:30 App is up to date.
2025-09-21 18:41:29 Checking for update using Github
2025-09-21 18:41:30 Success.
2025-09-21 18:41:30 Latest version is 1.9.12
2025-09-21 18:41:30 App is up to date.
2025-09-21 19:41:30 Checking for update using Github
2025-09-21 19:41:30 Success.
2025-09-21 19:41:30 Latest version is 1.9.12
2025-09-21 19:41:30 App is up to date.
2025-09-21 20:41:30 Checking for update using Github
2025-09-21 20:41:30 Success.
2025-09-21 20:41:30 Latest version is 1.9.12
2025-09-21 20:41:30 App is up to date.
2025-09-22 05:12:40 Loading main app package /usr/lib/obsidian/obsidian.asar
2025-09-22 05:12:41 Checking for update using Github
2025-09-22 05:12:41 Success.
2025-09-22 05:12:41 Latest version is 1.9.12
2025-09-22 05:12:41 App is up to date.
2025-09-22 06:12:40 Checking for update using Github
2025-09-22 06:12:40 Success.
2025-09-22 06:12:40 Latest version is 1.9.12
2025-09-22 06:12:40 App is up to date.
2025-09-22 07:12:40 Checking for update using Github
2025-09-22 07:12:41 Success.
2025-09-22 07:12:41 Latest version is 1.9.12
2025-09-22 07:12:41 App is up to date.
2025-09-22 08:12:40 Checking for update using Github
2025-09-22 08:12:41 Success.
2025-09-22 08:12:41 Latest version is 1.9.12
2025-09-22 08:12:41 App is up to date.
2025-09-22 09:12:41 Checking for update using Github
2025-09-22 09:12:41 Success.
2025-09-22 09:12:41 Latest version is 1.9.12
2025-09-22 09:12:41 App is up to date.
2025-09-22 10:12:41 Checking for update using Github
2025-09-22 10:12:41 Success.
2025-09-22 10:12:41 Latest version is 1.9.12
2025-09-22 10:12:41 App is up to date.
2025-09-22 11:12:41 Checking for update using Github
2025-09-22 11:12:41 Success.
2025-09-22 11:12:41 Latest version is 1.9.12
2025-09-22 11:12:41 App is up to date.
2025-09-22 12:12:41 Checking for update using Github
2025-09-22 12:12:41 Success.
2025-09-22 12:12:41 Latest version is 1.9.12
2025-09-22 12:12:41 App is up to date.
2025-09-22 13:12:41 Checking for update using Github
2025-09-22 13:12:41 Success.
2025-09-22 13:12:41 Latest version is 1.9.12
2025-09-22 13:12:41 App is up to date.
2025-09-22 14:12:41 Checking for update using Github
2025-09-22 14:12:41 Success.
2025-09-22 14:12:41 Latest version is 1.9.12
2025-09-22 14:12:41 App is up to date.
2025-09-22 15:12:41 Checking for update using Github
2025-09-22 15:12:41 Success.
2025-09-22 15:12:41 Latest version is 1.9.12
2025-09-22 15:12:41 App is up to date.
2025-09-22 16:12:41 Checking for update using Github
2025-09-22 16:12:41 Success.
2025-09-22 16:12:41 Latest version is 1.9.12
2025-09-22 16:12:41 App is up to date.
2025-09-22 17:12:41 Checking for update using Github
2025-09-22 17:12:41 Success.
2025-09-22 17:12:41 Latest version is 1.9.12
2025-09-22 17:12:41 App is up to date.
2025-09-22 18:12:41 Checking for update using Github
2025-09-22 18:12:42 Success.
2025-09-22 18:12:42 Latest version is 1.9.12
2025-09-22 18:12:42 App is up to date.
2025-09-23 18:19:39 Loading main app package /usr/lib/obsidian/obsidian.asar
2025-09-23 18:19:39 Checking for update using Github
2025-09-23 18:19:40 Success.
2025-09-23 18:19:40 Latest version is 1.9.12
2025-09-23 18:19:40 App is up to date.
2025-09-24 19:38:02 Loading main app package /usr/lib/obsidian/obsidian.asar
2025-09-24 19:38:03 Checking for update using Github
2025-09-24 19:38:03 Success.
2025-09-24 19:38:03 Latest version is 1.9.12
2025-09-24 19:38:03 App is up to date.
2025-09-27 11:34:25 Loading main app package /usr/lib/obsidian/obsidian.asar
2025-09-27 11:34:25 Checking for update using Github
2025-09-27 11:34:26 Success.
2025-09-27 11:34:26 Latest version is 1.9.12
2025-09-27 11:34:26 App is up to date.
2025-09-27 12:34:25 Checking for update using Github
2025-09-27 12:34:25 Success.
2025-09-27 12:34:25 Latest version is 1.9.12
2025-09-27 12:34:25 App is up to date.
2025-09-27 13:34:25 Checking for update using Github
2025-09-27 13:34:26 Success.
2025-09-27 13:34:26 Latest version is 1.9.12
2025-09-27 13:34:26 App is up to date.
2025-09-27 14:34:25 Checking for update using Github
2025-09-27 14:34:26 Success.
2025-09-27 14:34:26 Latest version is 1.9.12
2025-09-27 14:34:26 App is up to date.
2025-09-27 15:34:25 Checking for update using Github
2025-09-27 15:34:26 Success.
2025-09-27 15:34:26 Latest version is 1.9.12
2025-09-27 15:34:26 App is up to date.
2025-09-27 16:34:26 Checking for update using Github
2025-09-27 16:34:26 Success.
2025-09-27 16:34:26 Latest version is 1.9.12
2025-09-27 16:34:26 App is up to date.
2025-09-27 17:34:26 Checking for update using Github
2025-09-27 17:34:26 Success.
2025-09-27 17:34:26 Latest version is 1.9.12
2025-09-27 17:34:26 App is up to date.
2025-09-28 17:01:34 Loading main app package /usr/lib/obsidian/obsidian.asar
2025-09-28 17:01:34 Checking for update using Github
2025-09-28 17:01:35 Success.
2025-09-28 17:01:35 Latest version is 1.9.12
2025-09-28 17:01:35 App is up to date.
2025-09-28 18:01:34 Checking for update using Github
2025-09-28 18:01:34 Success.
2025-09-28 18:01:34 Latest version is 1.9.12
2025-09-28 18:01:34 App is up to date.
2025-09-28 19:01:34 Checking for update using Github
2025-09-28 19:01:34 Success.
2025-09-28 19:01:34 Latest version is 1.9.12
2025-09-28 19:01:34 App is up to date.
2025-10-03 06:03:25 Loading main app package /usr/lib/obsidian/obsidian.asar
2025-10-03 06:03:25 Checking for update using Github
2025-10-03 06:03:25 Success.
2025-10-03 06:03:25 Latest version is 1.9.14
2025-10-03 06:03:25 Downloading update from https://github.com/obsidianmd/obsidian-releases/releases/download/v1.9.14/obsidian-1.9.14.asar.gz
2025-10-03 06:03:28 Verifying hash & signature. Size= 9033685
2025-10-03 06:03:28 Saving file
2025-10-03 06:03:28 Update complete.
2025-10-05 12:40:28 Loading updated app package /home/thedocingeast/.config/obsidian/obsidian-1.9.14.asar
2025-10-05 12:40:28 Checking for update using Github
2025-10-05 12:40:28 Success.
2025-10-05 12:40:28 Latest version is 1.9.14
2025-10-05 12:40:28 App is up to date.
2025-10-05 12:40:47 Loading updated app package /home/thedocingeast/.config/obsidian/obsidian-1.9.14.asar
2025-10-05 12:40:47 Checking for update using Github
2025-10-05 12:40:47 Success.
2025-10-05 12:40:47 Latest version is 1.9.14
2025-10-05 12:40:47 App is up to date.
2025-10-05 13:40:47 Checking for update using Github
2025-10-05 13:40:47 Success.
2025-10-05 13:40:47 Latest version is 1.9.14
2025-10-05 13:40:47 App is up to date.
2025-10-05 14:40:47 Checking for update using Github
2025-10-05 14:40:47 Success.
2025-10-05 14:40:47 Latest version is 1.9.14
2025-10-05 14:40:47 App is up to date.
2025-10-05 15:40:47 Checking for update using Github
2025-10-05 15:40:47 Success.
2025-10-05 15:40:47 Latest version is 1.9.14
2025-10-05 15:40:47 App is up to date.
2025-10-05 19:09:32 Loading updated app package /home/thedocingeast/.config/obsidian/obsidian-1.9.14.asar
2025-10-05 19:09:32 Checking for update using Github
2025-10-05 19:09:32 Success.
2025-10-05 19:09:32 Latest version is 1.9.14
2025-10-05 19:09:32 App is up to date.
2025-10-06 17:39:50 Loading updated app package /home/thedocingeast/.config/obsidian/obsidian-1.9.14.asar
2025-10-06 17:39:50 Checking for update using Github
2025-10-06 17:39:51 Success.
2025-10-06 17:39:51 Latest version is 1.9.14
2025-10-06 17:39:51 App is up to date.
2025-10-06 18:39:50 Checking for update using Github
2025-10-06 18:39:50 Success.
2025-10-06 18:39:50 Latest version is 1.9.14
2025-10-06 18:39:50 App is up to date.
2025-10-14 19:14:04 Loading main app package /usr/lib/obsidian/obsidian.asar
2025-10-14 19:14:04 Checking for update using Github
2025-10-14 19:14:05 Success.
2025-10-14 19:14:05 Latest version is 1.9.14
2025-10-14 19:14:05 App is up to date.
2025-10-15 12:30:41 Loading main app package /usr/lib/obsidian/obsidian.asar
2025-10-15 12:30:41 Checking for update using Github
2025-10-15 12:30:41 Success.
2025-10-15 12:30:41 Latest version is 1.9.14
2025-10-15 12:30:41 App is up to date.
2025-10-15 16:01:22 Loading main app package /usr/lib/obsidian/obsidian.asar
2025-10-15 16:01:23 Checking for update using Github
2025-10-15 16:01:23 Success.
2025-10-15 16:01:23 Latest version is 1.9.14
2025-10-15 16:01:23 App is up to date.
2025-10-15 17:01:23 Checking for update using Github
2025-10-15 17:01:23 Success.
2025-10-15 17:01:23 Latest version is 1.9.14
2025-10-15 17:01:23 App is up to date.
2025-10-15 18:01:23 Checking for update using Github
2025-10-15 18:01:23 Success.
2025-10-15 18:01:23 Latest version is 1.9.14
2025-10-15 18:01:23 App is up to date.
2025-10-15 19:01:23 Checking for update using Github
2025-10-15 19:01:23 Success.
2025-10-15 19:01:23 Latest version is 1.9.14
2025-10-15 19:01:23 App is up to date.
2025-10-15 20:01:23 Checking for update using Github
2025-10-15 20:01:23 Success.
2025-10-15 20:01:23 Latest version is 1.9.14
2025-10-15 20:01:23 App is up to date.
2025-10-16 20:02:31 Loading main app package /usr/lib/obsidian/obsidian.asar
2025-10-16 20:02:31 Checking for update using Github
2025-10-16 20:02:31 Success.
2025-10-16 20:02:31 Latest version is 1.9.14
2025-10-16 20:02:31 App is up to date.
2025-10-20 15:29:56 Loading main app package /usr/lib/obsidian/obsidian.asar
2025-10-20 15:29:57 Checking for update using Github
2025-10-20 15:29:57 Success.
2025-10-20 15:29:57 Latest version is 1.9.14
2025-10-20 15:29:57 App is up to date.
2025-10-20 16:29:56 Checking for update using Github
2025-10-20 16:29:57 Success.
2025-10-20 16:29:57 Latest version is 1.9.14
2025-10-20 16:29:57 App is up to date.
2025-10-20 17:29:56 Checking for update using Github
2025-10-20 17:29:57 Success.
2025-10-20 17:29:57 Latest version is 1.9.14
2025-10-20 17:29:57 App is up to date.
2025-10-20 18:29:56 Checking for update using Github
2025-10-20 18:29:57 Success.
2025-10-20 18:29:57 Latest version is 1.9.14
2025-10-20 18:29:57 App is up to date.
2025-10-20 19:29:57 Checking for update using Github
2025-10-20 19:29:57 Success.
2025-10-20 19:29:57 Latest version is 1.9.14
2025-10-20 19:29:57 App is up to date.
2025-10-20 20:29:57 Checking for update using Github
2025-10-20 20:29:57 Success.
2025-10-20 20:29:57 Latest version is 1.9.14
2025-10-20 20:29:57 App is up to date.
2025-10-22 18:51:09 Loading main app package /usr/lib/obsidian/obsidian.asar
2025-10-22 18:51:10 Checking for update using Github
2025-10-22 18:51:10 Success.
2025-10-22 18:51:10 Latest version is 1.9.14
2025-10-22 18:51:10 App is up to date.
2025-10-22 19:51:10 Checking for update using Github
2025-10-22 19:51:10 Success.
2025-10-22 19:51:10 Latest version is 1.9.14
2025-10-22 19:51:10 App is up to date.
2025-10-23 19:29:04 Loading main app package /usr/lib/obsidian/obsidian.asar
2025-10-23 19:29:04 Checking for update using Github
2025-10-23 19:29:04 Success.
2025-10-23 19:29:04 Latest version is 1.9.14
2025-10-23 19:29:04 App is up to date.
2025-10-27 18:09:33 Loading main app package /usr/lib/obsidian/obsidian.asar
2025-10-27 18:09:33 Checking for update using Github
2025-10-27 18:09:34 Success.
2025-10-27 18:09:34 Latest version is 1.9.14
2025-10-27 18:09:34 App is up to date.
2025-10-27 18:47:46 Loading main app package /usr/lib/obsidian/obsidian.asar
2025-10-27 18:47:46 Checking for update using Github
2025-10-29 17:09:24 Loading main app package /usr/lib/obsidian/obsidian.asar
2025-10-29 17:09:24 Checking for update using Github
2025-10-29 17:09:25 Success.
2025-10-29 17:09:25 Latest version is 1.9.14
2025-10-29 17:09:25 App is up to date.
2025-10-29 17:11:35 Loading main app package /usr/lib/obsidian/obsidian.asar
2025-10-29 17:11:36 Checking for update using Github
2025-10-29 17:11:36 Success.
2025-10-29 17:11:36 Latest version is 1.9.14
2025-10-29 17:11:36 App is up to date.
2025-11-05 14:50:32 Loading main app package /usr/lib/obsidian/obsidian.asar
2025-11-05 14:50:32 Checking for update using Github
2025-11-05 14:50:32 Success.
2025-11-05 14:50:32 Latest version is 1.9.14
2025-11-05 14:50:32 App is up to date.
2025-11-05 17:36:11 Loading main app package /usr/lib/obsidian/obsidian.asar
2025-11-05 17:36:12 Checking for update using Github
2025-11-05 17:36:12 Success.
2025-11-05 17:36:12 Latest version is 1.9.14
2025-11-05 17:36:12 App is up to date.
2025-11-05 17:36:36 Loading main app package /usr/lib/obsidian/obsidian.asar
2025-11-05 17:36:36 Checking for update using Github
2025-11-05 17:36:36 Success.
2025-11-05 17:36:36 Latest version is 1.9.14
2025-11-05 17:36:36 App is up to date.
2025-11-05 18:36:36 Checking for update using Github
2025-11-05 18:36:36 Success.
2025-11-05 18:36:36 Latest version is 1.9.14
2025-11-05 18:36:36 App is up to date.
2025-11-08 19:22:35 Loading main app package /usr/lib/obsidian/obsidian.asar
2025-11-08 19:22:35 Checking for update using Github
2025-11-08 19:22:37 Success.
2025-11-08 19:22:37 Latest version is 1.9.14
2025-11-08 19:22:37 App is up to date.
2025-11-18 17:25:15 Loading main app package /usr/lib/obsidian/obsidian.asar
2025-11-18 17:25:16 Checking for update using Github
2025-11-18 17:25:16 Success.
2025-11-18 17:25:16 Latest version is 1.10.3
2025-11-18 17:25:16 App is up to date.
2025-11-18 18:25:15 Checking for update using Github
2025-11-18 18:25:15 Success.
2025-11-18 18:25:15 Latest version is 1.10.3
2025-11-18 18:25:15 App is up to date.
2025-11-18 19:25:15 Checking for update using Github
2025-11-18 19:25:15 Success.
2025-11-18 19:25:15 Latest version is 1.10.3
2025-11-18 19:25:15 App is up to date.
2025-11-18 20:25:15 Checking for update using Github
2025-11-18 20:25:16 Success.
2025-11-18 20:25:16 Latest version is 1.10.3
2025-11-18 20:25:16 App is up to date.
2025-11-18 21:25:15 Checking for update using Github
2025-11-18 21:25:16 Failed to check for update using Github (Unexpected non-whitespace character after JSON at position 3 (line 1 column 4))
2025-11-18 21:25:16 Checking for update using obsidian.md
2025-11-18 21:25:16 Failed to check for update using obsidian.md (Unexpected end of JSON input)
2025-11-18 22:25:16 Checking for update using Github
2025-11-18 22:25:16 Success.
2025-11-18 22:25:16 Latest version is 1.10.3
2025-11-18 22:25:16 App is up to date.
2025-11-18 23:25:16 Checking for update using Github
2025-11-18 23:25:16 Success.
2025-11-18 23:25:16 Latest version is 1.10.3
2025-11-18 23:25:16 App is up to date.
2025-11-19 00:25:16 Checking for update using Github
2025-11-19 00:25:16 Success.
2025-11-19 00:25:16 Latest version is 1.10.3
2025-11-19 00:25:16 App is up to date.
2025-11-19 01:25:16 Checking for update using Github
2025-11-19 01:25:16 Success.
2025-11-19 01:25:16 Latest version is 1.10.3
2025-11-19 01:25:16 App is up to date.
2025-11-19 02:25:16 Checking for update using Github
2025-11-19 02:25:16 Success.
2025-11-19 02:25:16 Latest version is 1.10.3
2025-11-19 02:25:16 App is up to date.
2025-11-19 03:25:16 Checking for update using Github
2025-11-19 03:25:16 Success.
2025-11-19 03:25:16 Latest version is 1.10.3
2025-11-19 03:25:16 App is up to date.
2025-11-19 04:25:16 Checking for update using Github
2025-11-19 04:25:16 Success.
2025-11-19 04:25:16 Latest version is 1.10.3
2025-11-19 04:25:16 App is up to date.
2025-11-19 05:25:16 Checking for update using Github
2025-11-19 05:25:16 Success.
2025-11-19 05:25:16 Latest version is 1.10.3
2025-11-19 05:25:16 App is up to date.
2025-11-19 06:25:16 Checking for update using Github
2025-11-19 06:25:16 Success.
2025-11-19 06:25:16 Latest version is 1.10.3
2025-11-19 06:25:16 App is up to date.
2025-11-19 07:25:16 Checking for update using Github
2025-11-19 07:25:16 Success.
2025-11-19 07:25:16 Latest version is 1.10.3
2025-11-19 07:25:16 App is up to date.
2025-11-19 08:25:16 Checking for update using Github
2025-11-19 08:25:16 Success.
2025-11-19 08:25:16 Latest version is 1.10.3
2025-11-19 08:25:16 App is up to date.
2025-11-19 09:25:16 Checking for update using Github
2025-11-19 09:25:16 Success.
2025-11-19 09:25:16 Latest version is 1.10.3
2025-11-19 09:25:16 App is up to date.
2025-11-19 10:25:16 Checking for update using Github
2025-11-19 10:25:16 Success.
2025-11-19 10:25:16 Latest version is 1.10.3
2025-11-19 10:25:16 App is up to date.
2025-11-19 11:25:16 Checking for update using Github
2025-11-19 11:25:17 Success.
2025-11-19 11:25:17 Latest version is 1.10.3
2025-11-19 11:25:17 App is up to date.
2025-11-19 12:25:16 Checking for update using Github
2025-11-19 12:25:17 Success.
2025-11-19 12:25:17 Latest version is 1.10.3
2025-11-19 12:25:17 App is up to date.
2025-11-19 13:25:17 Checking for update using Github
2025-11-19 13:25:17 Success.
2025-11-19 13:25:17 Latest version is 1.10.3
2025-11-19 13:25:17 App is up to date.
2025-12-02 15:02:42 Loading main app package /usr/lib/obsidian/obsidian.asar
2025-12-02 15:02:43 Checking for update using Github
2025-12-02 15:02:45 Success.
2025-12-02 15:02:45 Latest version is 1.10.6
2025-12-02 15:02:45 App is up to date.
2025-12-07 14:17:41 Loading main app package /usr/lib/obsidian/obsidian.asar
2025-12-07 14:17:42 Checking for update using Github
2025-12-07 14:17:42 Success.
2025-12-07 14:17:42 Latest version is 1.10.6
2025-12-07 14:17:42 App is up to date.
2025-12-07 15:17:41 Checking for update using Github
2025-12-07 15:17:52 Success.
2025-12-07 15:17:52 Latest version is 1.10.6
2025-12-07 15:17:52 App is up to date.
2025-12-07 16:17:41 Checking for update using Github
2025-12-07 16:17:51 Success.
2025-12-07 16:17:51 Latest version is 1.10.6
2025-12-07 16:17:51 App is up to date.
2025-12-07 17:17:41 Checking for update using Github
2025-12-07 17:17:52 Success.
2025-12-07 17:17:52 Latest version is 1.10.6
2025-12-07 17:17:52 App is up to date.
2025-12-07 18:17:42 Checking for update using Github
2025-12-07 18:17:42 Success.
2025-12-07 18:17:42 Latest version is 1.10.6
2025-12-07 18:17:42 App is up to date.
2025-12-10 14:43:57 Loading main app package /usr/lib/obsidian/obsidian.asar
2025-12-10 14:43:58 Checking for update using Github
2025-12-10 14:44:03 Success.
2025-12-10 14:44:03 Latest version is 1.10.6
2025-12-10 14:44:03 App is up to date.
2025-12-10 15:43:57 Checking for update using Github
2025-12-10 15:43:58 Success.
2025-12-10 15:43:58 Latest version is 1.10.6
2025-12-10 15:43:58 App is up to date.
2025-12-10 16:43:57 Checking for update using Github
2025-12-10 16:43:58 Success.
2025-12-10 16:43:58 Latest version is 1.10.6
2025-12-10 16:43:58 App is up to date.
2025-12-31 17:22:21 Loading main app package /usr/lib/obsidian/obsidian.asar
2025-12-31 17:22:21 Checking for update using Github
2025-12-31 17:22:22 Success.
2025-12-31 17:22:22 Latest version is 1.10.6
2025-12-31 17:22:22 App is up to date.
2025-12-31 17:23:37 Loading main app package /usr/lib/obsidian/obsidian.asar
2025-12-31 17:23:37 Checking for update using Github
2025-12-31 17:23:37 Success.
2025-12-31 17:23:37 Latest version is 1.10.6
2025-12-31 17:23:37 App is up to date.
2025-12-31 17:30:59 Loading main app package /usr/lib/obsidian/obsidian.asar
2025-12-31 17:30:59 Checking for update using Github
2025-12-31 17:30:59 Success.
2025-12-31 17:30:59 Latest version is 1.10.6
2025-12-31 17:30:59 App is up to date.
2025-12-31 18:30:59 Checking for update using Github
2025-12-31 18:30:59 Success.
2025-12-31 18:30:59 Latest version is 1.10.6
2025-12-31 18:30:59 App is up to date.
2026-01-14 16:02:16 Loading main app package /usr/lib/obsidian/obsidian.asar
2026-01-14 16:02:17 Checking for update using Github
2026-01-14 16:02:17 Success.
2026-01-14 16:02:17 Latest version is 1.11.4
2026-01-14 16:02:17 Downloading update from https://github.com/obsidianmd/obsidian-releases/releases/download/v1.11.4/obsidian-1.11.4.asar.gz
2026-01-14 16:02:22 Verifying hash & signature. Size= 8769455
2026-01-14 16:02:22 Saving file
2026-01-14 16:02:22 Update complete.
2026-01-15 19:36:47 Loading updated app package /home/thedocingeast/.config/obsidian/obsidian-1.11.4.asar
2026-01-15 19:36:47 Checking for update using Github
2026-01-15 19:36:48 Success.
2026-01-15 19:36:48 Latest version is 1.11.4
2026-01-15 19:36:48 App is up to date.
2026-01-25 19:55:41 Loading main app package /usr/lib/obsidian/obsidian.asar
2026-01-25 19:55:41 Checking for update using Github
2026-01-25 19:55:42 Success.
2026-01-25 19:55:42 Latest version is 1.11.5
2026-01-25 19:55:42 Downloading update from https://github.com/obsidianmd/obsidian-releases/releases/download/v1.11.5/obsidian-1.11.5.asar.gz
2026-01-25 19:55:44 Verifying hash & signature. Size= 8771203
2026-01-25 19:55:44 Saving file
2026-01-25 19:55:44 Update complete.
2026-02-07 20:05:11 Loading main app package /usr/lib/obsidian/obsidian.asar
2026-02-07 20:05:12 Checking for update using Github
2026-02-07 20:05:12 Success.
2026-02-07 20:05:12 Latest version is 1.11.7
2026-02-07 20:05:12 Downloading update from https://github.com/obsidianmd/obsidian-releases/releases/download/v1.11.7/obsidian-1.11.7.asar.gz
2026-02-07 20:05:16 Verifying hash & signature. Size= 8773752
2026-02-07 20:05:16 Saving file
2026-02-07 20:05:16 Update complete.
2026-02-08 17:39:19 Loaded main app package /usr/lib/obsidian/obsidian.asar
2026-02-08 17:39:19 Checking for update using Github
2026-02-08 17:39:20 Success.
2026-02-08 17:39:20 Latest version is 1.11.7
2026-02-08 17:39:20 App is up to date.
2026-02-11 14:12:30 Loaded main app package /usr/lib/obsidian/obsidian.asar
2026-02-11 14:12:30 Checking for update using Github
2026-02-11 14:12:31 Success.
2026-02-11 14:12:31 Latest version is 1.11.7
2026-02-11 14:12:31 App is up to date.
